// Jest Snapshot v1, https://goo.gl/fbAQLP

exports[`Screen: Profile Render 1`] = `ShallowWrapper {}`;
