// Jest Snapshot v1, https://goo.gl/fbAQLP

exports[`Screen: Login Render 1`] = `ShallowWrapper {}`;
