// Jest Snapshot v1, https://goo.gl/fbAQLP

exports[`Screen: Home Render 1`] = `ShallowWrapper {}`;
