// Jest Snapshot v1, https://goo.gl/fbAQLP

exports[`Screen: Profile2 Render 1`] = `ShallowWrapper {}`;
